// Jest Snapshot v1, https://goo.gl/fbAQLP

exports[`GeneralError should render without failure 1`] = `
<DocumentFragment>
  <div
    class="sc-beyTiQ MeDgu"
  >
    <p>
      Beklager det har skjedd en feil, pr√∏v igjen senere.
    </p>
  </div>
</DocumentFragment>
`;
